// Jest Snapshot v1, https://goo.gl/fbAQLP

exports[`Test Expense List Item 1`] = `
<div>
  <Link
    replace={false}
    to="/edit/1"
  >
    <h3>
      Rent
    </h3>
  </Link>
  <p>
    100
    -
    Dec 31st, 1969
  </p>
</div>
`;
