// Jest Snapshot v1, https://goo.gl/fbAQLP

exports[`Test Expenses Dashboard compponent 1`] = `
<div>
  <Connect(ExpenseListFilter) />
  <Connect(ExportList) />
</div>
`;
